// Jest Snapshot v1, https://goo.gl/fbAQLP

exports[`victory component renders a snapshot 1`] = `ShallowWrapper {}`;
