// Jest Snapshot v1, https://goo.gl/fbAQLP

exports[`sales component renders a snapshot 1`] = `ShallowWrapper {}`;
