// Jest Snapshot v1, https://goo.gl/fbAQLP

exports[`button component renders a snapshot 1`] = `ShallowWrapper {}`;
