// Jest Snapshot v1, https://goo.gl/fbAQLP

exports[`menuitem component renders a snapshot 1`] = `ShallowWrapper {}`;
