// Jest Snapshot v1, https://goo.gl/fbAQLP

exports[`collabs component renders a snapshot 1`] = `ShallowWrapper {}`;
