// Jest Snapshot v1, https://goo.gl/fbAQLP

exports[`MetricItem component renders a snapshot 1`] = `ShallowWrapper {}`;
